                                      1 ;--------------------------------------------------------
                                      2 ; File Created by SDCC : free open source ISO C Compiler 
                                      3 ; Version 4.4.0 #14620 (Linux)
                                      4 ;--------------------------------------------------------
                                      5 	.module main
                                      6 	.optsdcc -mstm8
                                      7 	
                                      8 ;--------------------------------------------------------
                                      9 ; Public variables in this module
                                     10 ;--------------------------------------------------------
                                     11 	.globl _main
                                     12 	.globl _delay
                                     13 ;--------------------------------------------------------
                                     14 ; ram data
                                     15 ;--------------------------------------------------------
                                     16 	.area DATA
                                     17 ;--------------------------------------------------------
                                     18 ; ram data
                                     19 ;--------------------------------------------------------
                                     20 	.area INITIALIZED
                                     21 ;--------------------------------------------------------
                                     22 ; Stack segment in internal ram
                                     23 ;--------------------------------------------------------
                                     24 	.area SSEG
      000000                         25 __start__stack:
      000000                         26 	.ds	1
                                     27 
                                     28 ;--------------------------------------------------------
                                     29 ; absolute external ram data
                                     30 ;--------------------------------------------------------
                                     31 	.area DABS (ABS)
                                     32 
                                     33 ; default segment ordering for linker
                                     34 	.area HOME
                                     35 	.area GSINIT
                                     36 	.area GSFINAL
                                     37 	.area CONST
                                     38 	.area INITIALIZER
                                     39 	.area CODE
                                     40 
                                     41 ;--------------------------------------------------------
                                     42 ; interrupt vector
                                     43 ;--------------------------------------------------------
                                     44 	.area HOME
      000000                         45 __interrupt_vect:
      000000 82v00u00u00             46 	int s_GSINIT ; reset
                                     47 ;--------------------------------------------------------
                                     48 ; global & static initialisations
                                     49 ;--------------------------------------------------------
                                     50 	.area HOME
                                     51 	.area GSINIT
                                     52 	.area GSFINAL
                                     53 	.area GSINIT
      000000 CDr00r00         [ 4]   54 	call	___sdcc_external_startup
      000003 4D               [ 1]   55 	tnz	a
      000004 27 03            [ 1]   56 	jreq	__sdcc_init_data
      000006 CCr00r04         [ 2]   57 	jp	__sdcc_program_startup
      000009                         58 __sdcc_init_data:
                                     59 ; stm8_genXINIT() start
      000009 AEr00r00         [ 2]   60 	ldw x, #l_DATA
      00000C 27 07            [ 1]   61 	jreq	00002$
      00000E                         62 00001$:
      00000E 72 4FuFFuFF      [ 1]   63 	clr (s_DATA - 1, x)
      000012 5A               [ 2]   64 	decw x
      000013 26 F9            [ 1]   65 	jrne	00001$
      000015                         66 00002$:
      000015 AEr00r00         [ 2]   67 	ldw	x, #l_INITIALIZER
      000018 27 09            [ 1]   68 	jreq	00004$
      00001A                         69 00003$:
      00001A D6uFFuFF         [ 1]   70 	ld	a, (s_INITIALIZER - 1, x)
      00001D D7uFFuFF         [ 1]   71 	ld	(s_INITIALIZED - 1, x), a
      000020 5A               [ 2]   72 	decw	x
      000021 26 F7            [ 1]   73 	jrne	00003$
      000023                         74 00004$:
                                     75 ; stm8_genXINIT() end
                                     76 	.area GSFINAL
      000000 CCr00r04         [ 2]   77 	jp	__sdcc_program_startup
                                     78 ;--------------------------------------------------------
                                     79 ; Home
                                     80 ;--------------------------------------------------------
                                     81 	.area HOME
                                     82 	.area HOME
      000004                         83 __sdcc_program_startup:
      000004 CCr00r16         [ 2]   84 	jp	_main
                                     85 ;	return from main will return to caller
                                     86 ;--------------------------------------------------------
                                     87 ; code
                                     88 ;--------------------------------------------------------
                                     89 	.area CODE
                                     90 ;	main.c: 10: void delay(void) {
                                     91 ;	-----------------------------------------
                                     92 ;	 function delay
                                     93 ;	-----------------------------------------
      000000                         94 _delay:
      000000 52 02            [ 2]   95 	sub	sp, #2
                                     96 ;	main.c: 12: for(i=0; i<50000; i++){;} // crude delay
      000002 5F               [ 1]   97 	clrw	x
      000003 1F 01            [ 2]   98 	ldw	(0x01, sp), x
      000005                         99 00103$:
      000005 1E 01            [ 2]  100 	ldw	x, (0x01, sp)
      000007 A3 C3 50         [ 2]  101 	cpw	x, #0xc350
      00000A 24 07            [ 1]  102 	jrnc	00105$
      00000C 1E 01            [ 2]  103 	ldw	x, (0x01, sp)
      00000E 5C               [ 1]  104 	incw	x
      00000F 1F 01            [ 2]  105 	ldw	(0x01, sp), x
      000011 20 F2            [ 2]  106 	jra	00103$
      000013                        107 00105$:
                                    108 ;	main.c: 13: }
      000013 5B 02            [ 2]  109 	addw	sp, #2
      000015 81               [ 4]  110 	ret
                                    111 ;	main.c: 15: void main() {
                                    112 ;	-----------------------------------------
                                    113 ;	 function main
                                    114 ;	-----------------------------------------
      000016                        115 _main:
                                    116 ;	main.c: 17: GPIOA_DDR |= (1 << LED_R);
      000016 72 16 50 02      [ 1]  117 	bset	0x5002, #3
                                    118 ;	main.c: 18: GPIOA_CR1 |= (1 << LED_R);
      00001A 72 16 50 03      [ 1]  119 	bset	0x5003, #3
                                    120 ;	main.c: 21: GPIOD_DDR |= (1 << LED_G);
      00001E 72 10 50 11      [ 1]  121 	bset	0x5011, #0
                                    122 ;	main.c: 22: GPIOD_CR1 |= (1 << LED_G);
      000022 72 10 50 12      [ 1]  123 	bset	0x5012, #0
                                    124 ;	main.c: 25: GPIOB_DDR |= (1 << LED_B);
      000026 72 10 50 07      [ 1]  125 	bset	0x5007, #0
                                    126 ;	main.c: 26: GPIOB_CR1 |= (1 << LED_B);
      00002A 72 10 50 08      [ 1]  127 	bset	0x5008, #0
                                    128 ;	main.c: 29: GPIOB_DDR |= (1 << LED_DIODE);
      00002E 72 12 50 07      [ 1]  129 	bset	0x5007, #1
                                    130 ;	main.c: 30: GPIOB_CR1 |= (1 << LED_DIODE);
      000032 72 12 50 08      [ 1]  131 	bset	0x5008, #1
                                    132 ;	main.c: 33: GPIOA_DDR |= (1 << LED_CAP);
      000036 72 10 50 02      [ 1]  133 	bset	0x5002, #0
                                    134 ;	main.c: 34: GPIOA_CR1 |= (1 << LED_CAP);
      00003A 72 10 50 03      [ 1]  135 	bset	0x5003, #0
                                    136 ;	main.c: 36: while(1) {
      00003E                        137 00102$:
                                    138 ;	main.c: 37: GPIOA_ODR |= (1 << LED_CAP); // charging the cap
      00003E 72 10 50 00      [ 1]  139 	bset	0x5000, #0
                                    140 ;	main.c: 39: GPIOD_ODR |= (1 << LED_B); // selecting diode
      000042 72 10 50 0F      [ 1]  141 	bset	0x500f, #0
                                    142 ;	main.c: 40: GPIOB_ODR &= ~(1 << LED_G); // selecting diode
      000046 72 11 50 05      [ 1]  143 	bres	0x5005, #0
                                    144 ;	main.c: 42: GPIOB_ODR &= ~(1 << LED_DIODE); // discharging through diode
      00004A 72 13 50 05      [ 1]  145 	bres	0x5005, #1
                                    146 ;	main.c: 44: GPIOB_ODR |= (1 << LED_DIODE); 
      00004E 72 12 50 05      [ 1]  147 	bset	0x5005, #1
                                    148 ;	main.c: 45: delay();
      000052 CDr00r00         [ 4]  149 	call	_delay
                                    150 ;	main.c: 46: GPIOB_ODR |= (1 << LED_B); // selecting diode
      000055 72 10 50 05      [ 1]  151 	bset	0x5005, #0
                                    152 ;	main.c: 47: GPIOD_ODR &= ~(1 << LED_G); // selecting diode
      000059 72 11 50 0F      [ 1]  153 	bres	0x500f, #0
                                    154 ;	main.c: 48: delay();
      00005D CDr00r00         [ 4]  155 	call	_delay
      000060 20 DC            [ 2]  156 	jra	00102$
                                    157 ;	main.c: 50: }
      000062 81               [ 4]  158 	ret
                                    159 	.area CODE
                                    160 	.area CONST
                                    161 	.area INITIALIZER
                                    162 	.area CABS (ABS)
